// Vitest Snapshot v1, https://vitest.dev/guide/snapshot.html

exports[`should bring user-agent header > https://codesandbox.io/p/sandbox/7t8chd 1`] = `
{
  "icon": "https://codesandbox.io/favicon.ico",
  "og:description": "promise  ",
  "og:image": "https://codesandbox.io/api/v1/sandboxes/7t8chd/screenshot.png",
  "og:image:alt": "A preview of promise",
  "og:image:height": "630",
  "og:image:width": "1200",
  "og:title": "promise - Codesandbox",
  "og:type": "article",
  "og:url": "https://codesandbox.io/s/bold-mcnulty-7t8chd",
}
`;

exports[`should get item correctly > https://google.com/ 1`] = `
{
  "icon": "https://google.com/favicon.ico",
  "og:description": "Google",
  "og:title": "Google",
}
`;

exports[`should get item correctly > https://ogp.me/ 1`] = `
{
  "icon": "https://ogp.me/favicon.ico",
  "og:description": "The Open Graph protocol enables any web page to become a rich object in a social graph.",
  "og:image": "https://ogp.me/logo.png",
  "og:image:alt": "The Open Graph logo",
  "og:image:height": "300",
  "og:image:type": "image/png",
  "og:image:width": "300",
  "og:title": "Open Graph protocol",
  "og:type": "website",
  "og:url": "https://ogp.me/",
}
`;
